from 11 to 20


11)


bandit10@bandit:~$ ls
data.txt
bandit10@bandit:~$ cat 
^C
bandit10@bandit:~$ cat data.txt 
VGhlIHBhc3N3b3JkIGlzIDZ6UGV6aUxkUjJSS05kTllGTmI2blZDS3pwaGxYSEJNCg==
bandit10@bandit:~$ echo 'hey how are you' | base64
aGV5IGhvdyBhcmUgeW91Cg==
bandit10@bandit:~$ echo 'hey how are you' | base64 | base64 -d
hey how are you
bandit10@bandit:~$ cat data.txt | base64 -d
The password is 6zPeziLdR2RKNdNYFNb6nVCKzphlXHBM
bandit10@bandit:~$ 
bandit10@bandit:~$ cat data.txt | base64 -d | tr ' ' '\n'
The
password
is
6zPeziLdR2RKNdNYFNb6nVCKzphlXHBM
bandit10@bandit:~$ cat data.txt | base64 -d | sed 's/ /\n/g'
The
password
is
6zPeziLdR2RKNdNYFNb6nVCKzphlXHBM



12)


bandit11@bandit:~$ ls
data.txt
bandit11@bandit:~$ cat data.txt 
Gur cnffjbeq vf WIAOOSFzMjXXBC0KoSKBbJ8puQm5lIEi
bandit11@bandit:~$ cat data.txt | tr '[G-ZA-Fg-za-f]' '[T-ZA-St-za-s]' 
The password is JVNBBFSmZwKKOP0XbFXOoW8chDz5yVRv
bandit11@bandit:~$ cat data.txt | tr '[G-ZA-Fg-za-f]' '[T-ZA-St-za-s]' | awk 'NF{print $NF}'JVNBBFSmZwKKOP0XbFXOoW8chDz5yVRv


13)


bandit12@bandit:~$ ls
data.txt
bandit12@bandit:~$ cat data.txt 
00000000: 1f8b 0808 7151 1063 0203 6461 7461 322e  ....qQ.c..data2.
00000010: 6269 6e00 013f 02c0 fd42 5a68 3931 4159  bin..?...BZh91AY
00000020: 2653 595d ed11 a800 001b ffff d8ff fde7  &SY]............
00000030: dff7 ffff ffcf efcf bef7 7e7f dd39 3f7f  ..........~..9?.
00000040: fafb ffbf cfbf 3eff a9fb bf7f b001 3b1b  ......>.......;.
00000050: 6d20 0f50 0034 0680 0000 34c2 01ea 0d34  m .P.4....4....4
00000060: 0000 1900 1a32 1a68 0d00 0000 0034 0000  .....2.h.....4..
00000070: 000d 0069 91ea 0c6d 5100 0068 00c8 000d  ...i...mQ..h....
00000080: 0323 4340 3d40 0d0d 1a68 01a3 4c83 401a  .#C@=@...h..L.@.
00000090: 687a 4034 0340 1a00 3468 0188 c868 34d0  hz@4.@..4h...h4.
000000a0: 00c8 d01a 6874 d323 40d3 d206 81a1 a680  ....ht.#@.......
000000b0: d0c8 0190 d034 0340 0d00 c800 01a6 991a  .....4.@........
000000c0: 0019 3400 d000 0006 800c 4d1a 0189 a001  ..4.......M.....
000000d0: fc18 2890 6086 162a 8035 6a6b 3d5c 1382  ..(.`..*.5jk=\..
000000e0: 0a38 e6dd 214b 6fa4 3984 0192 256e e084  .8..!Ko.9...%n..
000000f0: ed6b ad67 3318 b07a 005d 0e21 dbd1 fb84  .k.g3..z.].!....
00000100: 770f 055f 0044 3086 8230 d579 2881 afe7  w.._.D0..0.y(...
00000110: 531e 3071 f859 eeae 01aa 1040 75cd 3c5b  S.0q.Y.....@u.<[
00000120: f24a 16b8 34e7 43db 9e73 56a1 3d3d fd90  .J..4.C..sV.==..
00000130: 6bc3 47a5 4c73 af13 a324 5731 b90e 2063  k.G.Ls...$W1.. c
00000140: 45ef fe11 842e 03f9 b063 8f4c fb41 0a32  E........c.L.A.2
00000150: 8fdb 7cea 82a0 ee91 4e05 c610 088e a2da  ..|.....N.......
00000160: 7536 2c72 1701 c248 7ab7 1fef 30f8 142c  u6,r...Hz...0..,
00000170: 0359 539c 5a21 4e94 6a33 9d18 6120 42a0  .YS.Z!N.j3..a B.
00000180: 6471 a01e 42a4 da3b 6eaa 5e7e edc3 f973  dq..B..;n.^~...s
00000190: 2ec7 5009 a7e8 101e a3ac b344 f2bb d9e6  ..P........D....
000001a0: 7bd7 c5fb 18b6 92ac 9fe8 aef4 673c da0c  {...........g<..
000001b0: 0cdb 0440 4869 1bd0 7d84 e1e5 85c2 1a60  ...@Hi..}......`
000001c0: 701c c9ac 50ca adf7 bba9 226f f175 1ec2  p...P....."o.u..
000001d0: 90de 557e ed09 5c3b 1886 84dc f110 24e7  ..U~..\;......$.
000001e0: 871b 6148 f224 fb71 c3d1 1096 4a48 48a2  ..aH.$.q....JHH.
000001f0: 99ea 647b 4f3b ac19 3be6 1cb9 24c3 ce48  ..d{O;..;...$..H
00000200: 829b 0182 07ef fbee dff1 40da 6f5a c7fb  ..........@.oZ..
00000210: 5412 78a9 43dd 2198 d456 3c1f e161 2b1f  T.x.C.!..V<..a+.
00000220: 6e82 f066 70e2 67b8 ec48 d418 3e6a 0ee7  n..fp.g..H..>j..
00000230: 868a 1dcc e7b0 11ee 8b2a 8c53 0009 37f9  .........*.S..7.
00000240: 1017 0d29 485a ec30 cb90 45b8 93ff 1772  ...)HZ.0..E....r
00000250: 4538 5090 5ded 11a8 e965 cb22 3f02 0000  E8P.]....e."?...
bandit12@bandit:~$ echo 'hey how are you' | xxd
00000000: 6865 7920 686f 7720 6172 6520 796f 750a  hey how are you.
bandit12@bandit:~$ echo 'hey how are you' | xxd | xxd -r
hey how are you
bandit12@bandit:~$ echo 'hey how are you' | xxd -ps
68657920686f772061726520796f750a

    ~/Documents/scripting_bash/folder_ex  ls -l                                                    ✔ 
total 8
-rw-r--r-- 1 santiagocj santiagocj 2584 Oct 27 22:32 data.hex
-rwxr-xr-x 1 santiagocj santiagocj  113 Oct 27 21:31 loop.sh
    ~/Documents/scripting_bash/folder_ex  ll                                                       ✔ 
zsh: correct 'll' to 'lli' [nyae]? n
zsh: command not found: ll
    ~/Doc/scripting_bash/folder_ex  cat data.hex                                               127 ✘ 
00000000: 1f8b 0808 7151 1063 0203 6461 7461 322e  ....qQ.c..data2.
00000010: 6269 6e00 013f 02c0 fd42 5a68 3931 4159  bin..?...BZh91AY
00000020: 2653 595d ed11 a800 001b ffff d8ff fde7  &SY]............
00000030: dff7 ffff ffcf efcf bef7 7e7f dd39 3f7f  ..........~..9?.
00000040: fafb ffbf cfbf 3eff a9fb bf7f b001 3b1b  ......>.......;.
00000050: 6d20 0f50 0034 0680 0000 34c2 01ea 0d34  m .P.4....4....4
00000060: 0000 1900 1a32 1a68 0d00 0000 0034 0000  .....2.h.....4..
00000070: 000d 0069 91ea 0c6d 5100 0068 00c8 000d  ...i...mQ..h....
00000080: 0323 4340 3d40 0d0d 1a68 01a3 4c83 401a  .#C@=@...h..L.@.
00000090: 687a 4034 0340 1a00 3468 0188 c868 34d0  hz@4.@..4h...h4.
000000a0: 00c8 d01a 6874 d323 40d3 d206 81a1 a680  ....ht.#@.......
000000b0: d0c8 0190 d034 0340 0d00 c800 01a6 991a  .....4.@........
000000c0: 0019 3400 d000 0006 800c 4d1a 0189 a001  ..4.......M.....
000000d0: fc18 2890 6086 162a 8035 6a6b 3d5c 1382  ..(.`..*.5jk=\..
000000e0: 0a38 e6dd 214b 6fa4 3984 0192 256e e084  .8..!Ko.9...%n..
000000f0: ed6b ad67 3318 b07a 005d 0e21 dbd1 fb84  .k.g3..z.].!....
00000100: 770f 055f 0044 3086 8230 d579 2881 afe7  w.._.D0..0.y(...
00000110: 531e 3071 f859 eeae 01aa 1040 75cd 3c5b  S.0q.Y.....@u.<[
00000120: f24a 16b8 34e7 43db 9e73 56a1 3d3d fd90  .J..4.C..sV.==..
00000130: 6bc3 47a5 4c73 af13 a324 5731 b90e 2063  k.G.Ls...$W1.. c
00000140: 45ef fe11 842e 03f9 b063 8f4c fb41 0a32  E........c.L.A.2
00000150: 8fdb 7cea 82a0 ee91 4e05 c610 088e a2da  ..|.....N.......
00000160: 7536 2c72 1701 c248 7ab7 1fef 30f8 142c  u6,r...Hz...0..,
00000170: 0359 539c 5a21 4e94 6a33 9d18 6120 42a0  .YS.Z!N.j3..a B.
00000180: 6471 a01e 42a4 da3b 6eaa 5e7e edc3 f973  dq..B..;n.^~...s
00000190: 2ec7 5009 a7e8 101e a3ac b344 f2bb d9e6  ..P........D....
000001a0: 7bd7 c5fb 18b6 92ac 9fe8 aef4 673c da0c  {...........g<..
000001b0: 0cdb 0440 4869 1bd0 7d84 e1e5 85c2 1a60  ...@Hi..}......`
000001c0: 701c c9ac 50ca adf7 bba9 226f f175 1ec2  p...P....."o.u..
000001d0: 90de 557e ed09 5c3b 1886 84dc f110 24e7  ..U~..\;......$.
000001e0: 871b 6148 f224 fb71 c3d1 1096 4a48 48a2  ..aH.$.q....JHH.
000001f0: 99ea 647b 4f3b ac19 3be6 1cb9 24c3 ce48  ..d{O;..;...$..H
00000200: 829b 0182 07ef fbee dff1 40da 6f5a c7fb  ..........@.oZ..
00000210: 5412 78a9 43dd 2198 d456 3c1f e161 2b1f  T.x.C.!..V<..a+.
00000220: 6e82 f066 70e2 67b8 ec48 d418 3e6a 0ee7  n..fp.g..H..>j..
00000230: 868a 1dcc e7b0 11ee 8b2a 8c53 0009 37f9  .........*.S..7.
00000240: 1017 0d29 485a ec30 cb90 45b8 93ff 1772  ...)HZ.0..E....r
00000250: 4538 5090 5ded 11a8 e965 cb22 3f02 0000  E8P.]....e."?...
    ~/Documents/scripting_bash/folder_ex  xxd -r data.hex                                          ✔ 
zsh: correct 'xxd' to '_xxd' [nyae]? y
_xxd:21: condition can only be used in completion function
    ~/Documents/scripting_bash/folder_ex  _xxd -r data.hex                                       1 ✘ 
_xxd:21: condition can only be used in completion function
    ~/Documents/scripting_bash/folder_ex  xxd -r data.hex                                        1 ✘ 
zsh: correct 'xxd' to '_xxd' [nyae]? n
zsh: command not found: xxd
    ~/Doc/scripting_bash/folder_ex  sudo pacman -Syu xxd-standalone                            127 ✘ 
[sudo] password for santiagocj: 
:: Synchronizing package databases...
 core is up to date
 extra                              1834.2 KiB  1573 KiB/s 00:01 [###################################] 100%
 community                             7.4 MiB  3.88 MiB/s 00:02 [###################################] 100%
 multilib is up to date
error: target not found: xxd-standalone
    ~/Doc/s/folder_ex  sudo pacman -Syu xxd                                               1 ✘  9s  
:: Synchronizing package databases...
 core is up to date
 extra is up to date
 community is up to date
 multilib is up to date
:: There are 2 providers available for xxd:
:: Repository extra
   1) gvim  2) vim

Enter a number (default=1):  
:: Starting full system upgrade...
resolving dependencies...
looking for conflicting packages...

Packages (2) vim-runtime-9.0.0354-1  gvim-9.0.0354-1

Total Download Size:    9.16 MiB
Total Installed Size:  38.98 MiB

:: Proceed with installation? [Y/n] 
:: Retrieving packages...
 vim-runtime-9.0.0354-1-x86_64         6.9 MiB  3.87 MiB/s 00:02 [###################################] 100%
 gvim-9.0.0354-1-x86_64                2.2 MiB  2031 KiB/s 00:01 [###################################] 100%
 Total (2/2)                           9.2 MiB  2.54 MiB/s 00:04 [###################################] 100%
(2/2) checking keys in keyring                                   [###################################] 100%
(2/2) checking package integrity                                 [###################################] 100%
(2/2) loading package files                                      [###################################] 100%
(2/2) checking for file conflicts                                [###################################] 100%
(2/2) checking available disk space                              [###################################] 100%
:: Processing package changes...
(1/2) installing vim-runtime                                     [###################################] 100%
Optional dependencies for vim-runtime
    sh: support for some tools and macros [installed]
    python: demoserver example tool [installed]
    gawk: mve tools upport [installed]
(2/2) installing gvim                                            [###################################] 100%
Optional dependencies for gvim
    python: Python language support [installed]
    ruby: Ruby language support [installed]
    lua: Lua language support
    tcl: Tcl language support [installed]
:: Running post-transaction hooks...
(1/4) Arming ConditionNeedsUpdate...
(2/4) Refreshing PackageKit...
(3/4) Updating icon theme caches...
(4/4) Updating the desktop file MIME type cache...
    ~/Doc/scripting_bash/folder_ex  xxd -r data.hex                                        ✔  26s  
zsh: correct 'xxd' to '_xxd' [nyae]? n
i��▒hta2.bin?��BZh91AY&SY]���9?����Ͽ>�����; P4�4��
���▒4��hz@4@▒4h��h4���▒ht�#@����������4@
       M▒���▒(�`�*�5jk=\�
8��!Ko�9��%n���k�g3▒�z]!����w_D0��0�y(���S0q�Y���@u�<[�J�4�C۞sV�==��k�G�Ls��$W1� cE���.��c�L�A
2��|ꂠ��N���u6,r�Hz��0�,YS�Z!N�j3�▒a B�dq�B��;n�^~���s.�P       �����D����{���▒�������g<�

                                                                                         �@Hi�����▒`pɬPʭ���)HZ�0ːE���rE8P�]���e�"?%                                                                                       ~/Documents/scripting_bash/folder_ex  file data.hex                                            ✔ 
data.hex: ASCII text
    ~/Documents/scripting_bash/folder_ex  xxd -r data.hex > data                                   ✔ 
    ~/Documents/scripting_bash/folder_ex  ls                                                       ✔ 
data  data.hex  loop.sh
    ~/Documents/scripting_bash/folder_ex  file data                                                ✔ 
data: gzip compressed data, was "data2.bin", last modified: Thu Sep  1 06:30:09 2022, max compression, from Unix, original size modulo 2^32 575
   ~/Documents/scripting_bash/folder_ex  mv data data.gzip                                                                                ✔ 
    ~/Documents/scripting_bash/folder_ex  ls                                                                                               ✔ 
data.gzip  data.hex  loop.sh
    ~/Documents/scripting_bash/folder_ex  ll                                                                                               ✔ 
zsh: correct 'll' to 'lli' [nyae]? y

^C
    ~/Documents/scripting_bash/folder_ex  ls -la                                                                                       INT ✘ 
total 20
drwxr-xr-x 2 santiagocj santiagocj 4096 Oct 27 22:46 .
drwxr-xr-x 3 santiagocj santiagocj 4096 Oct 27 22:36 ..
-rw-r--r-- 1 santiagocj santiagocj  608 Oct 27 22:44 data.gzip
-rw-r--r-- 1 santiagocj santiagocj 2584 Oct 27 22:32 data.hex
-rwxr-xr-x 1 santiagocj santiagocj  113 Oct 27 21:31 loop.sh
    ~/Documents/scripting_bash/folder_ex  cd ..                                                                                            ✔ 
    ~/Documents/scripting_bash  ls                                                                                                         ✔ 
folder_ex  scripting_bash01.txt  scripting_bash02.txt
    ~/Documents/scripting_bash  cd folder_ex                                                                                               ✔ 
    ~/Documents/scripting_bash/folder_ex  ls                                                                                               ✔ 
data.gzip  data.hex  loop.sh
    ~/Doc/s/folder_ex  clear       

there is a boolean in order to know if something was correct:
	for example:
		if we hit a exit() in python terminal and then we want to check if it was okay, then:
		
		echo $?
		## in this case the question mark is indexed to ask our question

		that must be:

		1 ---> there was an error


		0 ---> there wasn't an error


that's called state's code


    ~/Documents/scripting_bash/folder_ex/7z  ls                                                         ✔ 
data.gzip  data.hex
    ~/Documents/scripting_bash/folder_ex/7z  7z l data.gzip                                             ✔ 

7-Zip [64] 17.04 : Copyright (c) 1999-2021 Igor Pavlov : 2017-08-28
p7zip Version 17.04 (locale=en_US.UTF-8,Utf16=on,HugeFiles=on,64 bits,12 CPUs x64)

Scanning the drive for archives:
1 file, 608 bytes (1 KiB)

Listing archive: data.gzip

--
Path = data.gzip
Type = gzip
Headers Size = 20

   Date      Time    Attr         Size   Compressed  Name
------------------- ----- ------------ ------------  ------------------------
2022-09-01 08:30:09 .....          575          608  data2.bin
------------------- ----- ------------ ------------  ------------------------
2022-09-01 08:30:09                575          608  1 files
    ~/Documents/scripting_bash/folder_ex/7z  7z x data.gzip                                             ✔ 

7-Zip [64] 17.04 : Copyright (c) 1999-2021 Igor Pavlov : 2017-08-28
p7zip Version 17.04 (locale=en_US.UTF-8,Utf16=on,HugeFiles=on,64 bits,12 CPUs x64)

Scanning the drive for archives:
1 file, 608 bytes (1 KiB)

Extracting archive: data.gzip
--
Path = data.gzip
Type = gzip
Headers Size = 20

Everything is Ok

Size:       575
Compressed: 608
    ~/Documents/scripting_bash/folder_ex/7z  ls                                                         ✔ 
data2.bin  data.gzip  data.hex
    ~/Documents/scripting_bash/folder_ex/7z  file data2.bin                                             ✔ 
data2.bin: bzip2 compressed data, block size = 900k
    ~/Documents/scripting_bash/folder_ex/7z  ls                                                         ✔ 
data2.bin  data.gzip  data.hex
    ~/Documents/scripting_bash/folder_ex/7z  7z l data.bin                                              ✔ 

7-Zip [64] 17.04 : Copyright (c) 1999-2021 Igor Pavlov : 2017-08-28
p7zip Version 17.04 (locale=en_US.UTF-8,Utf16=on,HugeFiles=on,64 bits,12 CPUs x64)

Scanning the drive for archives:
         
ERROR: No such file or directory
data.bin



System ERROR:
Unknown error -2147024894
    ~/Doc/scripting_bash/folder_ex/7z  7z l data2.bin                                                 2 ✘ 

7-Zip [64] 17.04 : Copyright (c) 1999-2021 Igor Pavlov : 2017-08-28
p7zip Version 17.04 (locale=en_US.UTF-8,Utf16=on,HugeFiles=on,64 bits,12 CPUs x64)

Scanning the drive for archives:
1 file, 575 bytes (1 KiB)

Listing archive: data2.bin

--
Path = data2.bin
Type = bzip2

   Date      Time    Attr         Size   Compressed  Name
------------------- ----- ------------ ------------  ------------------------
                    .....                            data2
------------------- ----- ------------ ------------  ------------------------
                                                575  1 files
    ~/Documents/scripting_bash/folder_ex/7z  rm data2.bin                                               ✔ 
    ~/Documents/scripting_bash/folder_ex/7z  ls                                                         ✔ 
data.gzip  data.hex
    ~/Documents/scripting_bash/folder_ex/7z  touch decompressor.sh                                      ✔ 
    ~/Documents/scripting_bash/folder_ex/7z  chmod +x !$                                                ✔ 
chmod +x decompressor.sh
    ~/Documents/scripting_bash/folder_ex/7z  ls                                                         ✔ 
data.gzip  data.hex  decompressor.sh
    ~/Documents/scripting_bash/folder_ex/7z  rm data.hex                                                ✔ 
    ~/Documents/scripting_bash/folder_ex/7z  ls                                                         ✔ 
data.gzip  decompressor.sh
    ~/Documents/scripting_bash/folder_ex/7z  ls -l                                                      ✔ 
total 4
-rw-r--r-- 1 santiagocj santiagocj 608 Oct 27 22:44 data.gzip
-rwxr-xr-x 1 santiagocj santiagocj   0 Oct 27 23:26 decompressor.sh
    ~/Documents/scripting_bash/folder_ex/7z  find .                                                     ✔ 
.
./decompressor.sh
./data.gzip
    ~/Documents/scripting_bash/folder_ex/7z  find . -type f                                             ✔ 
./decompressor.sh
./data.gzip
    ~/Documents/scripting_bash/folder_ex/7z  file data.gzip                                             ✔ 
data.gzip: gzip compressed data, was "data2.bin", last modified: Thu Sep  1 06:30:09 2022, max compression, from Unix, original size modulo 2^32 575
    ~/Documents/scripting_bash/folder_ex/7z  7z l data.gzip                                             ✔ 

7-Zip [64] 17.04 : Copyright (c) 1999-2021 Igor Pavlov : 2017-08-28
p7zip Version 17.04 (locale=en_US.UTF-8,Utf16=on,HugeFiles=on,64 bits,12 CPUs x64)

Scanning the drive for archives:
1 file, 608 bytes (1 KiB)

Listing archive: data.gzip

--
Path = data.gzip
Type = gzip
Headers Size = 20

   Date      Time    Attr         Size   Compressed  Name
------------------- ----- ------------ ------------  ------------------------
2022-09-01 08:30:09 .....          575          608  data2.bin
------------------- ----- ------------ ------------  ------------------------
2022-09-01 08:30:09                575          608  1 files
    ~/Documents/scripting_bash/folder_ex/7z  7z l data.gzip | grep "Name"                               ✔ 
   Date      Time    Attr         Size   Compressed  Name
    ~/Documents/scripting_bash/folder_ex/7z  7z l data.gzip | grep "Name" -A 2                          ✔ 
   Date      Time    Attr         Size   Compressed  Name
------------------- ----- ------------ ------------  ------------------------
2022-09-01 08:30:09 .....          575          608  data2.bin
    ~/Documents/scripting_bash/folder_ex/7z  7z l data.gzip | grep "Name" -B 2                          ✔ 
Headers Size = 20

   Date      Time    Attr         Size   Compressed  Name
    ~/Documents/scripting_bash/folder_ex/7z  7z l data.gzip | grep "Name" -C 2                          ✔ 
Headers Size = 20

   Date      Time    Attr         Size   Compressed  Name
------------------- ----- ------------ ------------  ------------------------
2022-09-01 08:30:09 .....          575          608  data2.bin
    ~/Documents/scripting_bash/folder_ex/7z  7z l data.gzip | grep "Name" -A 2                          ✔ 
   Date      Time    Attr         Size   Compressed  Name
------------------- ----- ------------ ------------  ------------------------
2022-09-01 08:30:09 .....          575          608  data2.bin
    ~/Documents/scripting_bash/folder_ex/7z  7z l data.gzip | grep "Name" -A 2 | tail -n 1              ✔ 
2022-09-01 08:30:09 .....          575          608  data2.bin
    ~/Documents/scripting_bash/folder_ex/7z  7z l data.gzip | grep "Name" -A 2 | tail -n 1 | awk "NF{print $NF}
pipe pipe pipe dquote> 
    ~/Doc/scripting_bash/folder_ex/7z  7z l data.gzip | grep "Name" -A 2 | tail -n 1 | awk "NF{print $NF}"
2022-09-01 08:30:09 .....          575          608  data2.bin
    ~/Documents/scripting_bash/folder_ex/7z  7z l data.gzip | grep "Name" -A 2 | tail -n 1 | awk 'NF{print $NF}'                 ✔ 
data2.bin
    ~/Documents/scripting_bash/folder_ex/7z  7z l data.gzip | grep 'Name' -A 2 | tail -n 1 | awk 'NF{print $NF}'                 ✔ 
data2.bin
    ~/Documents/scripting_bash/folder_ex/7z  ls                                                                                  ✔ 
data.gzip  decompressor.sh
    ~/Documents/scripting_bash/folder_ex/7z  mv data.gzip content.gzip                                                           ✔ 
    ~/Documents/scripting_bash/folder_ex/7z  ls                                                                                  ✔ 
content.gzip  decompressor.sh
    ~/Documents/scripting_bash/folder_ex/7z  nano decompressor.sh                                                                ✔ 
    ~/Doc/s/f/7z  ls                                                      ✔  1m 53s  
content.gzip  decompressor.sh
    ~/Doc/s/folder_ex/7z  ./decompressor.sh                                          ✔ 
data2.bin
    ~/Doc/s/folder_ex/7z  nano decompressor.sh                                       ✔ 
    ~/Documents/scripting_bash/folder_ex/7z  ls                                                   ✔  8m 46s  
content.gzip  decompressor.sh
    ~/Documents/scripting_bash/folder_ex/7z  ./decompressor.sh                                               ✔ 
^C
^Ce^C^C^C^C^C
    ~/Doc/s/folder_ex/7z                                                                         INT ✘  17s  
    ~/Documents/scripting_bash/folder_ex/7z  ls                                                          INT ✘ 
content.gzip  data2.bin  decompressor.sh
    ~/Documents/scripting_bash/folder_ex/7z  rm data2.bin                                                    ✔ 
    ~/Documents/scripting_bash/folder_ex/7z  ls                                                              ✔ 
content.gzip  decompressor.sh
    ~/Documents/scripting_bash/folder_ex/7z  ./decompressor.sh                                               ✔ 
^C
    ~/Documents/scripting_bash/folder_ex/7z  ls                                                          INT ✘ 
content.gzip  data2.bin  decompressor.sh
    ~/Documents/scripting_bash/folder_ex/7z  rm data2.bin                                                    ✔ 
    ~/Documents/scripting_bash/folder_ex/7z  7z l content.gzip                                               ✔ 

7-Zip [64] 17.04 : Copyright (c) 1999-2021 Igor Pavlov : 2017-08-28
p7zip Version 17.04 (locale=en_US.UTF-8,Utf16=on,HugeFiles=on,64 bits,12 CPUs x64)

Scanning the drive for archives:
1 file, 608 bytes (1 KiB)

Listing archive: content.gzip

--
Path = content.gzip
Type = gzip
Headers Size = 20

   Date      Time    Attr         Size   Compressed  Name
------------------- ----- ------------ ------------  ------------------------
2022-09-01 08:30:09 .....          575          608  data2.bin
------------------- ----- ------------ ------------  ------------------------
2022-09-01 08:30:09                575          608  1 files
    ~/Documents/scripting_bash/folder_ex/7z  echo $?                                                         ✔ 
0
    ~/Documents/scripting_bash/folder_ex/7z  cat 343543                                                      ✔ 
cat: 343543: No such file or directory
    ~/Documents/scripting_bash/folder_ex/7z  echo $?                                                       1 ✘ 
1
    ~/Documents/scripting_bash/folder_ex/7z  nano D                                                          ✔ 
    ~/Doc/scripting_bash/folder_ex/7z  nano decompressor.sh                                           ✔  4s  
    ~/Doc/s/folder_ex/7z  whoami && ls                                                            ✔  11m 9s  
santiagocj
content.gzip  decompressor.sh
    ~/Documents/scripting_bash/folder_ex/7z  wdasd && ls                                                     ✔ 
zsh: command not found: wdasd
    ~/Documents/scripting_bash/folder_ex/7z  wdasd || ls                                                 127 ✘ 
zsh: command not found: wdasd
content.gzip  decompressor.sh
    ~/Documents/scripting_bash/folder_ex/7z  wdasd 2>/dev/null  || ls                                        ✔ 
content.gzip  decompressor.sh

GNU nano 6.4                                      decompressor.sh                                                 
#!/bin/bash

name_compressed=$(7z l data2 | grep "Name" -A 2 | tail -n 1 | awk "NF{print $NF}")
7z x data2 > /dev/null 2>&1

while true; do
        7z l $name_compressed > /dev/null 2>&1

        if [ "$(echo $?)" == "0" ]; then
                decompressed_next=$(7z l $name_compressed | grep "Name" -A 2 | tail -n 1 | awk "NF{print $NF}")
                7z x $name_compressed > /dev/null 2>&1 && name_compressed=$decompressed_next
        else
                cat $name_compressed; rm data*
                exit 1
        fi
done

wbWdlBxEir4CaE8LaPhauuOo6pwRmrDw




14)


bandit13@bandit:~$ ls
sshkey.private
bandit13@bandit:~$ cat sshkey.private 
-----BEGIN RSA PRIVATE KEY-----
MIIEpAIBAAKCAQEAxkkOE83W2cOT7IWhFc9aPaaQmQDdgzuXCv+ppZHa++buSkN+
gg0tcr7Fw8NLGa5+Uzec2rEg0WmeevB13AIoYp0MZyETq46t+jk9puNwZwIt9XgB
ZufGtZEwWbFWw/vVLNwOXBe4UWStGRWzgPpEeSv5Tb1VjLZIBdGphTIK22Amz6Zb
ThMsiMnyJafEwJ/T8PQO3myS91vUHEuoOMAzoUID4kN0MEZ3+XahyK0HJVq68KsV
ObefXG1vvA3GAJ29kxJaqvRfgYnqZryWN7w3CHjNU4c/2Jkp+n8L0SnxaNA+WYA7
jiPyTF0is8uzMlYQ4l1Lzh/8/MpvhCQF8r22dwIDAQABAoIBAQC6dWBjhyEOzjeA
J3j/RWmap9M5zfJ/wb2bfidNpwbB8rsJ4sZIDZQ7XuIh4LfygoAQSS+bBw3RXvzE
pvJt3SmU8hIDuLsCjL1VnBY5pY7Bju8g8aR/3FyjyNAqx/TLfzlLYfOu7i9Jet67
xAh0tONG/u8FB5I3LAI2Vp6OviwvdWeC4nOxCthldpuPKNLA8rmMMVRTKQ+7T2VS
nXmwYckKUcUgzoVSpiNZaS0zUDypdpy2+tRH3MQa5kqN1YKjvF8RC47woOYCktsD
o3FFpGNFec9Taa3Msy+DfQQhHKZFKIL3bJDONtmrVvtYK40/yeU4aZ/HA2DQzwhe
ol1AfiEhAoGBAOnVjosBkm7sblK+n4IEwPxs8sOmhPnTDUy5WGrpSCrXOmsVIBUf
laL3ZGLx3xCIwtCnEucB9DvN2HZkupc/h6hTKUYLqXuyLD8njTrbRhLgbC9QrKrS
M1F2fSTxVqPtZDlDMwjNR04xHA/fKh8bXXyTMqOHNJTHHNhbh3McdURjAoGBANkU
1hqfnw7+aXncJ9bjysr1ZWbqOE5Nd8AFgfwaKuGTTVX2NsUQnCMWdOp+wFak40JH
PKWkJNdBG+ex0H9JNQsTK3X5PBMAS8AfX0GrKeuwKWA6erytVTqjOfLYcdp5+z9s
8DtVCxDuVsM+i4X8UqIGOlvGbtKEVokHPFXP1q/dAoGAcHg5YX7WEehCgCYTzpO+
xysX8ScM2qS6xuZ3MqUWAxUWkh7NGZvhe0sGy9iOdANzwKw7mUUFViaCMR/t54W1
GC83sOs3D7n5Mj8x3NdO8xFit7dT9a245TvaoYQ7KgmqpSg/ScKCw4c3eiLava+J
3btnJeSIU+8ZXq9XjPRpKwUCgYA7z6LiOQKxNeXH3qHXcnHok855maUj5fJNpPbY
iDkyZ8ySF8GlcFsky8Yw6fWCqfG3zDrohJ5l9JmEsBh7SadkwsZhvecQcS9t4vby
9/8X4jS0P8ibfcKS4nBP+dT81kkkg5Z5MohXBORA7VWx+ACohcDEkprsQ+w32xeD
qT1EvQKBgQDKm8ws2ByvSUVs9GjTilCajFqLJ0eVYzRPaY6f++Gv/UVfAPV4c+S0
kAWpXbv5tbkkzbS0eaLPTKgLzavXtQoTtKwrjpolHKIHUz6Wu+n4abfAIRFubOdN
/+aLoRQ0yBDRbdXMsZN/jvY44eM+xRLdRVyMmdPtP8belRi2E2aEzA==
-----END RSA PRIVATE KEY-----
bandit13@bandit:~$ ssh -i sshkey.private bandit14@localhost 
The authenticity of host 'localhost (127.0.0.1)' can't be established.
ED25519 key fingerprint is SHA256:C2ihUBV7ihnV1wUXRb4RrEcLfXC5CXlhmAAM/urerLY.
This key is not known by any other names
Are you sure you want to continue connecting (yes/no/[fingerprint])? yes
Could not create directory '/home/bandit13/.ssh' (Permission denied).
Failed to add the host to the list of known hosts (/home/bandit13/.ssh/known_hosts).

                      This is an OverTheWire game server. 
            More information on http://www.overthewire.org/wargames

!!! You are trying to log into this SSH server on port 22, which is not intended.

bandit14@localhost: Permission denied (publickey).
bandit13@bandit:~$ ssh -i sshkey.private bandit14@localhost -p 2220
The authenticity of host '[localhost]:2220 ([127.0.0.1]:2220)' can't be established.
ED25519 key fingerprint is SHA256:C2ihUBV7ihnV1wUXRb4RrEcLfXC5CXlhmAAM/urerLY.
This key is not known by any other names
Are you sure you want to continue connecting (yes/no/[fingerprint])? yes
Could not create directory '/home/bandit13/.ssh' (Permission denied).
Failed to add the host to the list of known hosts (/home/bandit13/.ssh/known_hosts).
                         _                     _ _ _   
                        | |__   __ _ _ __   __| (_) |_ 
                        | '_ \ / _` | '_ \ / _` | | __|
                        | |_) | (_| | | | | (_| | | |_ 
                        |_.__/ \__,_|_| |_|\__,_|_|\__|
                                                       

                      This is an OverTheWire game server. 
            More information on http://www.overthewire.org/wargames

!!! You are trying to log into this SSH server on port 2220 on localhost.
!!! Please log out and log in again instead.


bandit14@bandit:~$ whoami
bandit14
bandit14@bandit:~$ cat /etc/ba
bandit_pass/       bash.bashrc        bash_completion    bash_completion.d/ 
bandit14@bandit:~$ cat /etc/badit_pass/bandit14
cat: /etc/badit_pass/bandit14: No such file or directory
bandit14@bandit:~$ ls
bandit14@bandit:~$ cat /etc/bandit_pass/bandit14
fGrHPx402xGC7U7rXKDaxiWFTOiF0ENq

bandit14@bandit:~$ telnet localhost 30000
Trying 127.0.0.1...
Connected to localhost.
Escape character is '^]'.
fGrHPx402xGC7U7rXKDaxiWFTOiF0ENq
Correct!
jN2kgmIXJ6fShzhT2avhotn4Zcka6tnt

Connection closed by foreign host.
bandit14@bandit:~$ 



15)

bandit14@bandit:~$ echo '' > /dev/tcp/127.0.0.1/30000
bandit14@bandit:~$ echo $?
0
bandit14@bandit:~$ echo '' > /dev/tcp/127.0.0.1/30123
-bash: connect: Connection refused
-bash: /dev/tcp/127.0.0.1/30123: Connection refused
bandit14@bandit:~$ echo $?
1
bandit14@bandit:~$ echo '' > /dev/tcp/127.0.0.1/30123 && echo '[*] Puerto abierto'
-bash: connect: Connection refused
-bash: /dev/tcp/127.0.0.1/30123: Connection refused
bandit14@bandit:~$ echo '' > /dev/tcp/127.0.0.1/30000 && echo '[*] Puerto abierto'
[*] Puerto abierto
bandit14@bandit:~$ echo '' > /dev/tcp/127.0.0.1/30000 && echo '[*] Puerto abierto' || echo '[*] Puerto cerrado'
[*] Puerto abierto
bandit14@bandit:~$ echo '' > /dev/tcp/127.0.0.1/30 && echo '[*] Puerto abierto' || echo '[*] Puerto cerrado'
-bash: connect: Connection refused
-bash: /dev/tcp/127.0.0.1/30: Connection refused
[*] Puerto cerrado
bandit14@bandit:~$ echo '' > /dev/tcp/127.0.0.1/30 && echo '[*] Puerto abierto' || echo '[*] Puerto cerrado' 2>/dev/null
-bash: connect: Connection refused
-bash: /dev/tcp/127.0.0.1/30: Connection refused
bandit14@bandit:~$ bash -c "echo '' > /dev/tcp/127.0.0.1/30" 2>/dev/null && echo '[*] Puerto abierto' || echo '[*] Puerto cerrado'
[*] Puerto cerrado
bandit14@bandit:~$ bash -c "echo '' > /dev/tcp/127.0.0.1/30000" 2>/dev/null && echo '[*] Puerto abierto' || echo '[*]bandit14@bandit:~$ bash -c "echo '' > /dev/tcp/127.0.0.1/30000" 2>/dev/null && echo '[*] Puerto abierto' || echo '[*] Puerto cerrado'
[*] Puerto abierto
bandit14@bandit:~$ bash -c "echo '' > /dev/tcp/127.0.0.1/30" 2>/dev/null && echo '[*] Puerto abierto' || echo '[*] Puerto cerrado'
[*] Puerto cerrado
bandit14@bandit:~$ echo "fGrHPx402xGC7U7rXKDaxiWFTOiF0ENq" | cn localhost 30000
cn: command not found
bandit14@bandit:~$ echo "fGrHPx402xGC7U7rXKDaxiWFTOiF0ENq" | nc localhost 30000
Correct!
jN2kgmIXJ6fShzhT2avhotn4Zcka6tnt


netcut


16)


bandit15@bandit:~$ clear-client -connect 127.0.0.1:30001
clear-client: command not found
bandit15@bandit:~$ openssl s-client -connect 127.0.0.1:30001
Invalid command 's-client'; type "help" for a list.
bandit15@bandit:~$ openssl s_client -connect 127.0.0.1:30001
CONNECTED(00000003)
Can't use SSL_get_servername
depth=0 CN = localhost
verify error:num=18:self-signed certificate
verify return:1
depth=0 CN = localhost
verify error:num=10:certificate has expired
notAfter=Oct 27 21:45:59 2022 GMT
verify return:1
depth=0 CN = localhost
notAfter=Oct 27 21:45:59 2022 GMT
verify return:1
---
Certificate chain
 0 s:CN = localhost
   i:CN = localhost
   a:PKEY: rsaEncryption, 2048 (bit); sigalg: RSA-SHA1
   v:NotBefore: Oct 27 21:44:59 2022 GMT; NotAfter: Oct 27 21:45:59 2022 GMT
---
Server certificate
-----BEGIN CERTIFICATE-----
MIIDCzCCAfOgAwIBAgIEGZyrRzANBgkqhkiG9w0BAQUFADAUMRIwEAYDVQQDDAls
b2NhbGhvc3QwHhcNMjIxMDI3MjE0NDU5WhcNMjIxMDI3MjE0NTU5WjAUMRIwEAYD
VQQDDAlsb2NhbGhvc3QwggEiMA0GCSqGSIb3DQEBAQUAA4IBDwAwggEKAoIBAQCz
DVZ6um+ZeuIXThbp0QU0bfIzZZMepbCatjpCQv5GpEMSGp/+uOlalCx1vPQLJJ2S
9WYiP8N/fanG6uiBHyU4mI5EYaGKVA5pibUl+TK1/qgsmYwRYXQpKXdXD8RlXZ+M
WrM6KujvOgXEJe5MlKAcEB7jjrP4SayFSPNk2QEHU5C23n0IJq8Jm46tdemqBrjq
tu6ofKbJOFmO7x7dgfJMjveJXXIvqu3F08uK3BFYBURtewIM7wtwEl7+tdSJSe/A
kIUAWV35EwnleYmLbp4xobhRM2qWFKjgFXcophUBoYs2hjcBS6HaLvL6hLcF3owW
Biyf+KnIQ/WPDBz+YQPvAgMBAAGjZTBjMBQGA1UdEQQNMAuCCWxvY2FsaG9zdDBL
BglghkgBhvhCAQ0EPhY8QXV0b21hdGljYWxseSBnZW5lcmF0ZWQgYnkgTmNhdC4g
U2VlIGh0dHBzOi8vbm1hcC5vcmcvbmNhdC8uMA0GCSqGSIb3DQEBBQUAA4IBAQBN
oO12FFzj/ZGLVIsQ6vHSVAoVOlIEylYmlsbGrSwp5PsnlHakviUx5mUHcTBQE7Ri
oJt259YUvVL9bVbCMhAXTboLVpAzW4Q/EtadchTW3LtTECed7R7xLOb4S5C6DPHY
wnDYyNnrI3k7ne2VvxfwQjiewbIXvk7XObeDSX7vVwMtJ5Ppfn95aLur18RtLokC
iU1IeECVxjhV35lE2M7OKibbDJUm4+VLbkZ8FS1kwZNupZJyx7fK+V0iFoBXmFIJ
KY7o1yVn3l65AQmgsNVU51ghC76U+JZy5etWwt6RMmxzCfJSL7kiQ8oS+ZhxjkKF
EwPwnTQ2cikDAc33b9dh
-----END CERTIFICATE-----
subject=CN = localhost
issuer=CN = localhost
---
No client certificate CA names sent
Peer signing digest: SHA256
Peer signature type: RSA-PSS
Server Temp Key: X25519, 253 bits
---
SSL handshake has read 1339 bytes and written 373 bytes
Verification error: certificate has expired
---
New, TLSv1.3, Cipher is TLS_AES_256_GCM_SHA384
Server public key is 2048 bit
Secure Renegotiation IS NOT supported
Compression: NONE
Expansion: NONE
No ALPN negotiated
Early data was not sent
Verify return code: 10 (certificate has expired)
---
---
Post-Handshake New Session Ticket arrived:
SSL-Session:
    Protocol  : TLSv1.3
    Cipher    : TLS_AES_256_GCM_SHA384
    Session-ID: C338CDBB00FAB7912FBE5A4E47588682BBBF8618395B99BDBCB79913F31F97E9
    Session-ID-ctx: 
    Resumption PSK: 13525278F8C73B3EC761DF50925E457A0F9C15016F6C5603F9C4A1A7CBDB41631DF05C139F7554B4B378AD70B13E04E1
    PSK identity: None
    PSK identity hint: None
    SRP username: None
    TLS session ticket lifetime hint: 7200 (seconds)
    TLS session ticket:
    0000 - c1 92 74 57 d6 ad 07 fe-af ef b9 b9 e3 0a c6 b0   ..tW............
    0010 - ef 5b 66 70 d6 ca ad 6c-75 00 3f 23 04 42 96 e0   .[fp...lu.?#.B..
    0020 - fb cf cb 5d b9 e4 10 bf-fd 89 23 f7 34 ac 5b f4   ...]......#.4.[.
    0030 - 1a fd 1a 16 26 db 49 85-03 6e 17 1b 87 b4 7a c3   ....&.I..n....z.
    0040 - ae d3 34 44 e2 02 33 44-d9 2f 9b 16 d7 70 1f c5   ..4D..3D./...p..
    0050 - f7 7c 72 39 f1 1f c7 2e-96 ba 0e bc 2c 86 9d 6b   .|r9........,..k
    0060 - b5 26 97 0f b9 31 54 40-d3 2a 24 cf 63 37 f9 2d   .&...1T@.*$.c7.-
    0070 - 25 8f a0 68 33 9d 38 6e-5e b9 4d fe 94 31 38 bb   %..h3.8n^.M..18.
    0080 - 95 fb 86 1e f4 2e 2b ec-75 fa e3 c9 25 cd a8 5c   ......+.u...%..\
    0090 - b5 8a 92 72 e0 b8 0f 98-4e b8 e3 10 52 d0 74 b2   ...r....N...R.t.
    00a0 - 57 60 f7 ce 3b 93 f6 66-d9 b6 cf aa 3f aa 01 d9   W`..;..f....?...
    00b0 - 1e 94 89 aa 29 da 6c 66-23 6b 51 7d 0e 7f b4 99   ....).lf#kQ}....
    00c0 - e1 90 d1 c3 cd cf d5 a4-f5 38 ba cc ac 12 bc d7   .........8......

    Start Time: 1666916726
    Timeout   : 7200 (sec)
    Verify return code: 10 (certificate has expired)
    Extended master secret: no
    Max Early Data: 0
---
read R BLOCK
---
Post-Handshake New Session Ticket arrived:
SSL-Session:
    Protocol  : TLSv1.3
    Cipher    : TLS_AES_256_GCM_SHA384
    Session-ID: 6E41FF795080028C1979DEA088D21F4FE450FF351036DF648D35A87E71787220
    Session-ID-ctx: 
    Resumption PSK: 91966CCDCBBF6B17664A760B2E5F1F5C5298EE613489D6402A4FFA47CAEEF359BD718126740DD305F4E84C40CD7A3A43
    PSK identity: None
    PSK identity hint: None
    SRP username: None
    TLS session ticket lifetime hint: 7200 (seconds)
    TLS session ticket:
    0000 - c1 92 74 57 d6 ad 07 fe-af ef b9 b9 e3 0a c6 b0   ..tW............
    0010 - 94 c7 d1 b6 7f 5f 48 12-f3 ff 18 96 fc f3 d9 52   ....._H........R
    0020 - e1 6a df 88 f2 0d 20 34-9e 80 df 54 81 ca 87 9c   .j.... 4...T....
    0030 - bb cd 16 c8 e4 0d 19 b0-c7 28 d7 a0 23 01 68 85   .........(..#.h.
    0040 - b7 05 b8 90 1b c2 72 23-e1 f4 b2 2a 3c 5a d0 8c   ......r#...*<Z..
    0050 - b2 33 89 f3 8a 87 c5 50-de 77 a1 6b 3f ef bf a4   .3.....P.w.k?...
    0060 - 46 6a de 49 49 e3 eb e5-cc 29 26 21 3c 77 7f 7d   Fj.II....)&!<w.}
    0070 - 8e b1 dd d7 01 f0 65 9e-d9 5e 41 56 06 9d 43 cb   ......e..^AV..C.
    0080 - d4 75 b0 03 ad 4e 06 25-d9 15 7d b7 95 64 02 93   .u...N.%..}..d..
    0090 - 60 11 40 40 35 31 e2 84-9c d1 37 15 10 d2 69 b2   `.@@51....7...i.
    00a0 - de 21 25 bc fd 09 43 2d-e9 0b 6d c3 b9 d3 d1 8c   .!%...C-..m.....
    00b0 - e6 f2 06 c6 d6 d0 d2 27-31 96 48 35 a8 39 2b db   .......'1.H5.9+.
    00c0 - 9d ee 69 24 c3 ac aa a8-5a a3 ad 9b 2f 49 c5 92   ..i$....Z.../I..

    Start Time: 1666916726
    Timeout   : 7200 (sec)
    Verify return code: 10 (certificate has expired)
    Extended master secret: no
    Max Early Data: 0
---
read R BLOCK
jN2kgmIXJ6fShzhT2avhotn4Zcka6tnt
Correct!
JQttfApK4SeyHwDlI9SXGR50qclOAil1

closed



17)


bandit16@bandit:~$ nmap --open -T5 -v -n -p31000-32000 127.0.0.1
Starting Nmap 7.80 ( https://nmap.org ) at 2022-10-28 01:04 UTC
Initiating Ping Scan at 01:04
Scanning 127.0.0.1 [2 ports]
Completed Ping Scan at 01:04, 0.00s elapsed (1 total hosts)
Initiating Connect Scan at 01:04
Scanning 127.0.0.1 [1001 ports]
Discovered open port 31960/tcp on 127.0.0.1
Discovered open port 31790/tcp on 127.0.0.1
Discovered open port 31046/tcp on 127.0.0.1
Discovered open port 31691/tcp on 127.0.0.1
Discovered open port 31518/tcp on 127.0.0.1
Completed Connect Scan at 01:04, 0.02s elapsed (1001 total ports)
Nmap scan report for 127.0.0.1
Host is up (0.00014s latency).
Not shown: 996 closed ports
PORT      STATE SERVICE
31046/tcp open  unknown
31518/tcp open  unknown
31691/tcp open  unknown
31790/tcp open  unknown
31960/tcp open  unknown

Read data files from: /usr/bin/../share/nmap
Nmap done: 1 IP address (1 host up) scanned in 0.06 seconds
bandit16@bandit:~$ openssl s_client -connect 127.0.0.1:31790
CONNECTED(00000003)
Can't use SSL_get_servername
depth=0 CN = localhost
verify error:num=18:self-signed certificate
verify return:1
depth=0 CN = localhost
verify error:num=10:certificate has expired
notAfter=Oct 27 21:51:33 2022 GMT
verify return:1
depth=0 CN = localhost
notAfter=Oct 27 21:51:33 2022 GMT
verify return:1
---
Certificate chain
 0 s:CN = localhost
   i:CN = localhost
   a:PKEY: rsaEncryption, 2048 (bit); sigalg: RSA-SHA1
   v:NotBefore: Oct 27 21:50:33 2022 GMT; NotAfter: Oct 27 21:51:33 2022 GMT
---
Server certificate
-----BEGIN CERTIFICATE-----
MIIDCzCCAfOgAwIBAgIETAMLKDANBgkqhkiG9w0BAQUFADAUMRIwEAYDVQQDDAls
b2NhbGhvc3QwHhcNMjIxMDI3MjE1MDMzWhcNMjIxMDI3MjE1MTMzWjAUMRIwEAYD
VQQDDAlsb2NhbGhvc3QwggEiMA0GCSqGSIb3DQEBAQUAA4IBDwAwggEKAoIBAQDp
u1xQUYzWG7HM5DICZ/JNRcbuZew12tUraFGZnoMtRWFw84xefYpefd1Tgjrz8FuG
4GD8hGrGv/vh86qbu/JlqSLvtCpKB/qpw7MsUpWviTsyY5FF7O4BfD0lCgd9PBP6
E42UVWlu9vhZkQH2YhzukEZIzW7c6MGQLn0glpFOUvGtYfRTkt7EMrcgVZaSvACG
sY6cxGB3KfkT2jDlZG6WrCgkcM4QO10c45okGnL8vbLPQfpThZuJPv0i7hb6Z8JW
pZc/F4m9uGvTbedZU49Q9EhFhvp2KURc/avxJvYqetNKfRqWwRkHrF4DVCXIVprK
zaB+BkiC/XBoxvNKqAY7AgMBAAGjZTBjMBQGA1UdEQQNMAuCCWxvY2FsaG9zdDBL
BglghkgBhvhCAQ0EPhY8QXV0b21hdGljYWxseSBnZW5lcmF0ZWQgYnkgTmNhdC4g
U2VlIGh0dHBzOi8vbm1hcC5vcmcvbmNhdC8uMA0GCSqGSIb3DQEBBQUAA4IBAQCT
PVx2zOeirDcXjGoAGPZuNh5QwIVFPEdUpw8o8e0wKMvSvsXFB2yW5XzC284phVgD
a4IPY94w3av0DG6NbWYRciPiOMcBppkJZ/VKATaHWyZRRF5Mzg9PyEMULuLjdwkJ
UcydSNO6cTUuVPiBFwuw9cWWZEvOKvmEWNKOlz7DrnhkaPC7Yoxvrsyw7TGz1EW6
xSLvVRlrLRmYIH+et01NXiGAbP7Gg/DJ3s8XUmgObdHZouu7SCs+TfKmnEzw1mqD
AiZVcpA4PZxlS2mxVy5ORvSXszHvmqkbOAi7PyhxiTg70PEMQhil5E6KoJf5N7bL
1pImHy3SzdOlik5ZwpbN
-----END CERTIFICATE-----
subject=CN = localhost
issuer=CN = localhost
---
No client certificate CA names sent
Peer signing digest: SHA256
Peer signature type: RSA-PSS
Server Temp Key: X25519, 253 bits
---
SSL handshake has read 1339 bytes and written 373 bytes
Verification error: certificate has expired
---
New, TLSv1.3, Cipher is TLS_AES_256_GCM_SHA384
Server public key is 2048 bit
Secure Renegotiation IS NOT supported
Compression: NONE
Expansion: NONE
No ALPN negotiated
Early data was not sent
Verify return code: 10 (certificate has expired)
---
---
Post-Handshake New Session Ticket arrived:
SSL-Session:
    Protocol  : TLSv1.3
    Cipher    : TLS_AES_256_GCM_SHA384
    Session-ID: DB15C83C718F81698460ECD5F22EE22D3CD703B46121DE039A3B78EEE0664598
    Session-ID-ctx: 
    Resumption PSK: 00FB3E8E6632595E491D4AC097B9336FD234D31E3B8EC30982BCB45B713BD70CCC6218B8B6A4A8439837F1DE0A87FA84
    PSK identity: None
    PSK identity hint: None
    SRP username: None
    TLS session ticket lifetime hint: 7200 (seconds)
    TLS session ticket:
    0000 - 0d f6 3b 30 bb 07 8d 63-14 15 19 5a f3 55 d0 c6   ..;0...c...Z.U..
    0010 - 62 ae 75 30 2b 1c 4a 1b-af e1 b3 e2 f9 0f 70 d5   b.u0+.J.......p.
    0020 - 3d 49 51 28 1e 31 08 89-fa 96 c4 2d e7 e3 fc ac   =IQ(.1.....-....
    0030 - 15 22 59 7c 8f 78 5c 96-80 5a 4a 0c f4 73 43 eb   ."Y|.x\..ZJ..sC.
    0040 - be f0 94 1a 17 1d 7c 38-c2 58 fa 30 3f 80 31 5d   ......|8.X.0?.1]
    0050 - f9 89 d3 76 dc c3 2b 5c-da ef 00 c9 f8 ff aa d9   ...v..+\........
    0060 - c1 b9 60 79 23 6f 64 d7-49 88 cd 19 23 9d 40 eb   ..`y#od.I...#.@.
    0070 - e6 52 aa 27 3d 17 20 8f-b3 e8 80 db c9 ef d2 3f   .R.'=. ........?
    0080 - 2c 5a 15 bd fe 7f 6a 25-c9 8f 9b 5d b6 5d 63 20   ,Z....j%...].]c 
    0090 - b6 cf fc 68 06 f3 d4 f7-d6 5f d5 c1 e3 73 9f 80   ...h....._...s..
    00a0 - 96 3e d4 32 21 48 d4 3a-16 23 f6 41 20 ee 25 4e   .>.2!H.:.#.A .%N
    00b0 - 03 fd 06 fc 33 8a 9d 0b-91 9c f7 3d a5 2f 81 45   ....3......=./.E
    00c0 - 46 8a 79 30 e2 0a 14 05-b6 05 94 58 b9 f2 c9 f9   F.y0.......X....

    Start Time: 1666919143
    Timeout   : 7200 (sec)
    Verify return code: 10 (certificate has expired)
    Extended master secret: no
    Max Early Data: 0
---
read R BLOCK
---
Post-Handshake New Session Ticket arrived:
SSL-Session:
    Protocol  : TLSv1.3
    Cipher    : TLS_AES_256_GCM_SHA384
    Session-ID: 9ABD44ACAF3F3A67ED1BDCF0DFD0FEF89A8047381E245A9DEF30F453A28D69F9
    Session-ID-ctx: 
    Resumption PSK: C6A893027CD443989FF8FF57CD9F98C7D6B40E8932E6CF9C51BA1F6E4310044409CD494F9C8EFBABF54E024A528D72F8
    PSK identity: None
    PSK identity hint: None
    SRP username: None
    TLS session ticket lifetime hint: 7200 (seconds)
    TLS session ticket:
    0000 - 0d f6 3b 30 bb 07 8d 63-14 15 19 5a f3 55 d0 c6   ..;0...c...Z.U..
    0010 - 0a 34 5a ba 6c 72 bd 1d-52 d1 22 37 82 6e 6b 19   .4Z.lr..R."7.nk.
    0020 - c9 1e ba 9b 7b 6e 92 49-c3 7d 25 4c 40 26 ef 93   ....{n.I.}%L@&..
    0030 - e5 ec 70 38 30 ff ee bd-4a b0 d9 b1 23 e0 fa 65   ..p80...J...#..e
    0040 - 53 f9 dd 0d f2 92 45 53-a9 62 e8 6c 83 c6 51 5f   S.....ES.b.l..Q_
    0050 - a6 f5 5b b4 0a 3e 54 df-b3 4a 25 9a 7d 72 61 85   ..[..>T..J%.}ra.
    0060 - 20 3d 39 40 9d 34 58 d1-84 ec ce 1d ed 1b ce f3    =9@.4X.........
    0070 - 83 2b 7f f6 87 65 5a 48-fc 27 96 ad 47 93 44 42   .+...eZH.'..G.DB
    0080 - 1f c2 73 f5 6a f4 c8 0e-23 13 af d8 ed 97 84 40   ..s.j...#......@
    0090 - 56 d3 95 10 9b d3 7d f5-d1 ac 8e ac 67 5a ca f1   V.....}.....gZ..
    00a0 - 6f d8 9f 51 ae 81 52 d2-f3 ec b1 4c 16 9f b7 f2   o..Q..R....L....
    00b0 - 58 8e ce 88 3b 66 68 ab-8f 88 77 50 94 80 cd 3e   X...;fh...wP...>
    00c0 - c7 05 70 92 a4 e0 d1 2c-b5 26 c4 28 f7 c8 93 59   ..p....,.&.(...Y

    Start Time: 1666919143
    Timeout   : 7200 (sec)
    Verify return code: 10 (certificate has expired)
    Extended master secret: no
    Max Early Data: 0
---
read R BLOCK
JQttfApK4SeyHwDlI9SXGR50qclOAil1
Correct!
-----BEGIN RSA PRIVATE KEY-----
MIIEogIBAAKCAQEAvmOkuifmMg6HL2YPIOjon6iWfbp7c3jx34YkYWqUH57SUdyJ
imZzeyGC0gtZPGujUSxiJSWI/oTqexh+cAMTSMlOJf7+BrJObArnxd9Y7YT2bRPQ
Ja6Lzb558YW3FZl87ORiO+rW4LCDCNd2lUvLE/GL2GWyuKN0K5iCd5TbtJzEkQTu
DSt2mcNn4rhAL+JFr56o4T6z8WWAW18BR6yGrMq7Q/kALHYW3OekePQAzL0VUYbW
JGTi65CxbCnzc/w4+mqQyvmzpWtMAzJTzAzQxNbkR2MBGySxDLrjg0LWN6sK7wNX
x0YVztz/zbIkPjfkU1jHS+9EbVNj+D1XFOJuaQIDAQABAoIBABagpxpM1aoLWfvD
KHcj10nqcoBc4oE11aFYQwik7xfW+24pRNuDE6SFthOar69jp5RlLwD1NhPx3iBl
J9nOM8OJ0VToum43UOS8YxF8WwhXriYGnc1sskbwpXOUDc9uX4+UESzH22P29ovd
d8WErY0gPxun8pbJLmxkAtWNhpMvfe0050vk9TL5wqbu9AlbssgTcCXkMQnPw9nC
YNN6DDP2lbcBrvgT9YCNL6C+ZKufD52yOQ9qOkwFTEQpjtF4uNtJom+asvlpmS8A
vLY9r60wYSvmZhNqBUrj7lyCtXMIu1kkd4w7F77k+DjHoAXyxcUp1DGL51sOmama
+TOWWgECgYEA8JtPxP0GRJ+IQkX262jM3dEIkza8ky5moIwUqYdsx0NxHgRRhORT
8c8hAuRBb2G82so8vUHk/fur85OEfc9TncnCY2crpoqsghifKLxrLgtT+qDpfZnx
SatLdt8GfQ85yA7hnWWJ2MxF3NaeSDm75Lsm+tBbAiyc9P2jGRNtMSkCgYEAypHd
HCctNi/FwjulhttFx/rHYKhLidZDFYeiE/v45bN4yFm8x7R/b0iE7KaszX+Exdvt
SghaTdcG0Knyw1bpJVyusavPzpaJMjdJ6tcFhVAbAjm7enCIvGCSx+X3l5SiWg0A
R57hJglezIiVjv3aGwHwvlZvtszK6zV6oXFAu0ECgYAbjo46T4hyP5tJi93V5HDi
Ttiek7xRVxUl+iU7rWkGAXFpMLFteQEsRr7PJ/lemmEY5eTDAFMLy9FL2m9oQWCg
R8VdwSk8r9FGLS+9aKcV5PI/WEKlwgXinB3OhYimtiG2Cg5JCqIZFHxD6MjEGOiu
L8ktHMPvodBwNsSBULpG0QKBgBAplTfC1HOnWiMGOU3KPwYWt0O6CdTkmJOmL8Ni
blh9elyZ9FsGxsgtRBXRsqXuz7wtsQAgLHxbdLq/ZJQ7YfzOKU4ZxEnabvXnvWkU
YOdjHdSOoKvDQNWu6ucyLRAWFuISeXw9a/9p7ftpxm0TSgyvmfLF2MIAEwyzRqaM
77pBAoGAMmjmIJdjp+Ez8duyn3ieo36yrttF5NSsJLAbxFpdlc1gvtGCWW+9Cq0b
dxviW8+TFVEBl1O4f7HVm6EpTscdDxU+bCXWkfjuRb7Dy9GOtt9JPsX8MBTakzh3
vBgsyi/sN3RqRBcGU40fOoZyfAMT8s1m/uYv52O6IgeuZ/ujbjY=
-----END RSA PRIVATE KEY-----

closed


bandit16@bandit:~$ ls
bandit16@bandit:~$ 
bandit16@bandit:~$ mktemp -d
/tmp/tmp.EAG8T9vEWb
bandit16@bandit:~$ cd /tmp/tmp.EAG8T9vEWb
bandit16@bandit:/tmp/tmp.EAG8T9vEWb$ ls
bandit16@bandit:/tmp/tmp.EAG8T9vEWb$  nano id_rsa
Unable to create directory /home/bandit16/.local/share/nano/: No such file or directory
It is required for saving/loading search history or cursor positions.

bandit16@bandit:/tmp/tmp.EAG8T9vEWb$ chmod 600 id_rsa
bandit16@bandit:/tmp/tmp.EAG8T9vEWb$ ssh -i id_rsa bandit17@localhost
The authenticity of host 'localhost (127.0.0.1)' can't be established.
ED25519 key fingerprint is SHA256:C2ihUBV7ihnV1wUXRb4RrEcLfXC5CXlhmAAM/urerLY.
This key is not known by any other names
Are you sure you want to continue connecting (yes/no/[fingerprint])? yes
Could not create directory '/home/bandit16/.ssh' (Permission denied).
Failed to add the host to the list of known hosts (/home/bandit16/.ssh/known_hosts).

                      This is an OverTheWire game server. 
            More information on http://www.overthewire.org/wargames

!!! You are trying to log into this SSH server on port 22, which is not intended.

bandit17@localhost: Permission denied (publickey).
bandit16@bandit:/tmp/tmp.EAG8T9vEWb$ ssh -i id_rsa bandit17@localhost -p 2220
The authenticity of host '[localhost]:2220 ([127.0.0.1]:2220)' can't be established.
ED25519 key fingerprint is SHA256:C2ihUBV7ihnV1wUXRb4RrEcLfXC5CXlhmAAM/urerLY.
This key is not known by any other names
Are you sure you want to continue connecting (yes/no/[fingerprint])? 
Host key verification failed.
bandit16@bandit:/tmp/tmp.EAG8T9vEWb$ ssh -i id_rsa bandit17@localhost -p 2220
The authenticity of host '[localhost]:2220 ([127.0.0.1]:2220)' can't be established.
ED25519 key fingerprint is SHA256:C2ihUBV7ihnV1wUXRb4RrEcLfXC5CXlhmAAM/urerLY.
This key is not known by any other names
Are you sure you want to continue connecting (yes/no/[fingerprint])? yes
Could not create directory '/home/bandit16/.ssh' (Permission denied).
Failed to add the host to the list of known hosts (/home/bandit16/.ssh/known_hosts).
                         _                     _ _ _   
                        | |__   __ _ _ __   __| (_) |_ 
                        | '_ \ / _` | '_ \ / _` | | __|
                        | |_) | (_| | | | | (_| | | |_ 
                        |_.__/ \__,_|_| |_|\__,_|_|\__|
                                                       

                      This is an OverTheWire game server. 
            More information on http://www.overthewire.org/wargames

!!! You are trying to log into this SSH server on port 2220 on localhost.
!!! Please log out and log in again instead.

bandit17@bandit:~$ ls
passwords.new  passwords.old
bandit17@bandit:~$ cat /etc/ba
bandit_pass/       bash.bashrc        bash_completion    bash_completion.d/ 
bandit17@bandit:~$ cat /etc/bandit_pass/bandit
bandit0   bandit11  bandit14  bandit17  bandit2   bandit22  bandit25  bandit28  bandit30  bandit33  bandit6   bandit9   
bandit1   bandit12  bandit15  bandit18  bandit20  bandit23  bandit26  bandit29  bandit31  bandit4   bandit7   
bandit10  bandit13  bandit16  bandit19  bandit21  bandit24  bandit27  bandit3   bandit32  bandit5   bandit8   
bandit17@bandit:~$ cat /etc/bandit_pass/bandit18
cat: /etc/bandit_pass/bandit18: Permission denied
bandit17@bandit:~$ cat /etc/bandit_pass/bandit17
VwOSWtCA7lRKkTfbr2IDh6awj9RNZM5e
bandit17@bandit:~$ 
bandit17@bandit:~$ exit
logout
Connection to localhost closed.
bandit16@bandit:/tmp/tmp.EAG8T9vEWb$ exit
logout
Connection to bandit.labs.overthewire.org closed.



18)





19)
20)
